TLC2 Version 2026.04.29.170100 (rev: cc6b616)
Running breadth-first search Model-Checking with fp 114 and seed 2689732128725427858 with 4 workers on 16 cores with 27300MB heap and 64MB offheap memory [pid: 57437] (Mac OS X 26.1 aarch64, Homebrew 25.0.2 64bit, MSBDiskFPSet, DiskStateQueue).
Parsing file /private/tmp/pd-redteam-fleet/proofs/bonded/conservation/Conservation.tla
Parsing file /private/var/folders/17/r37ps6c54v3dpb9_v9tbw0q40000gn/T/tlc-9398577025165604909/Naturals.tla (jar:file:/private/tmp/tla2tools.jar!/tla2sany/StandardModules/Naturals.tla)
Parsing file /private/var/folders/17/r37ps6c54v3dpb9_v9tbw0q40000gn/T/tlc-9398577025165604909/FiniteSets.tla (jar:file:/private/tmp/tla2tools.jar!/tla2sany/StandardModules/FiniteSets.tla)
Parsing file /private/var/folders/17/r37ps6c54v3dpb9_v9tbw0q40000gn/T/tlc-9398577025165604909/Sequences.tla (jar:file:/private/tmp/tla2tools.jar!/tla2sany/StandardModules/Sequences.tla)
Parsing file /private/var/folders/17/r37ps6c54v3dpb9_v9tbw0q40000gn/T/tlc-9398577025165604909/TLC.tla (jar:file:/private/tmp/tla2tools.jar!/tla2sany/StandardModules/TLC.tla)
Parsing file /private/var/folders/17/r37ps6c54v3dpb9_v9tbw0q40000gn/T/tlc-9398577025165604909/_TLCTrace.tla (jar:file:/private/tmp/tla2tools.jar!/tla2sany/StandardModules/_TLCTrace.tla)
Parsing file /private/var/folders/17/r37ps6c54v3dpb9_v9tbw0q40000gn/T/tlc-9398577025165604909/TLCExt.tla (jar:file:/private/tmp/tla2tools.jar!/tla2sany/StandardModules/TLCExt.tla)
Parsing file /private/var/folders/17/r37ps6c54v3dpb9_v9tbw0q40000gn/T/tlc-9398577025165604909/Integers.tla (jar:file:/private/tmp/tla2tools.jar!/tla2sany/StandardModules/Integers.tla)
Semantic processing of module Naturals
Semantic processing of module Sequences
Semantic processing of module FiniteSets
Semantic processing of module TLC
Semantic processing of module Integers
Semantic processing of module TLCExt
Semantic processing of module _TLCTrace
Semantic processing of module Conservation
Linting of module TLCExt
Linting of module _TLCTrace
Linting of module Conservation
Starting... (2026-05-02 18:16:53)
Computing initial states...
Finished computing initial states: 1 distinct state generated at 2026-05-02 18:16:53.
Model checking completed. No error has been found.
  Estimates of the probability that TLC did not check all reachable states
  because two distinct states had the same fingerprint:
  calculated (optimistic):  val = 2.3E-12
26818 states generated, 1716 distinct states found, 0 states left on queue.
The depth of the complete state graph search is 9.
The average outdegree of the complete state graph is 1 (minimum is 0, the maximum 10 and the 95th percentile is 4).
Finished in 00s at (2026-05-02 18:16:54)
