~/coding/port-daddy $ # Start working on a project
~/coding/port-daddy $ pd begin "Building the photo upload API" --identity photoapp:api
  Session: session-<UUID>
  Purpose: Building the photo upload API
  Identity: photoapp:api
│
◆  Agent agent-<ID> ready
~/coding/port-daddy $ # Check your context
~/coding/port-daddy $ pd whoami

  Agent:    agent-<ID>
  Session:  session-<UUID>
  Purpose:  Building the photo upload API
  Identity: photoapp:api
  Phase:    in_progress
  Duration: <DUR>
~/coding/port-daddy $ # Claim a port — deterministic, no conflicts
~/coding/port-daddy $ pd claim photoapp:api
3136
~/coding/port-daddy $ # Log progress as you work
~/coding/port-daddy $ pd n "Endpoint scaffolded, writing validation layer"
│
■  Unknown command: n
│
●  Did you mean: pd ps?
~/coding/port-daddy $ pd n "Added multipart upload with 10MB limit" --type decision
│
■  Unknown command: n
│
●  Did you mean: pd ps?
~/coding/port-daddy $ # See what everyone is working on
~/coding/port-daddy $ pd agents

ID                       TYPE      PID       ACTIVE    LAST HEARTBEAT
───────────────────────────────────────────────────────────────────────────
agent-<ID>           cli       76679     yes       <DATE> <TIME>
agent-<ID>           cli       76679     yes       <DATE> <TIME>

Total: 2 agent(s)
~/coding/port-daddy $ # Done for the day
~/coding/port-daddy $ pd done "Upload API complete with tests"
  Agent agent-<ID> unregistered
  Notes: 1
  Final note: "Upload API complete with tests"
│
◆  Session session-<UUID> completed
