Process 0 (that is, the initial process):
{1}!
{2}in(pub, a: account_id);
{3}new tk: token;
{4}new ch_tk: channel;
{5}event issued_for(a,tk);
{6}out(ch_tk, ());
{7}out(pub, mkLink(tk,a));
{8}let tk_1: token = tk in
{9}let ch_tk_1: channel = ch_tk in
{10}in(pub, (tk_in: token,a_in: account_id));
{11}if (tk_in = tk_1) then
{12}if (a_in = a) then
{13}in(ch_tk_1, cap: bitstring);
{14}event consumed_for(a,tk_1)

--  Process 1 (that is, process 0, with let moved downwards):
{1}!
{2}in(pub, a: account_id);
{3}new tk: token;
{4}new ch_tk: channel;
{5}event issued_for(a,tk);
{6}out(ch_tk, ());
{7}out(pub, mkLink(tk,a));
{10}in(pub, (tk_in: token,a_in: account_id));
{8}let tk_1: token = tk in
{11}if (tk_in = tk_1) then
{12}if (a_in = a) then
{9}let ch_tk_1: channel = ch_tk in
{13}in(ch_tk_1, cap: bitstring);
{14}event consumed_for(a,tk_1)

-- Query inj-event(consumed_for(a_1,tk_2)) ==> inj-event(issued_for(a_1,tk_2)) in process 1.
Translating the process into Horn clauses...
Completing...
Starting query inj-event(consumed_for(a_1,tk_2)) ==> inj-event(issued_for(a_1,tk_2))
goal reachable: b-event(@p_act(@occ13_1,())) && b-event(@p_act(@occ10_1,(tk_2,a_1))) && b-inj-event(issued_for(a_1,tk_2),@occ5_1) && attacker(a_1) -> inj-event(consumed_for(a_1,tk_2),@occ14_1)
The 1st, 2nd, 3rd hypotheses occur strictly before the conclusion.
The 4th hypothesis occurs before the conclusion.
Abbreviations:
tk_2 = tk[a = a_1,!1 = @sid]
@occ14_1 = @occ14[cap = (),a_in = a_1,tk_in = tk_2,a = a_1,!1 = @sid]
@occ13_1 = @occ13[!1 = @sid]
@occ10_1 = @occ10[!1 = @sid]
@occ5_1 = @occ5[a = a_1,!1 = @sid]
RESULT inj-event(consumed_for(a_1,tk_2)) ==> inj-event(issued_for(a_1,tk_2)) is true.
-- Query event(consumed_for(a_1,tk_2)) ==> event(issued_for(a_1,tk_2)) in process 1.
Translating the process into Horn clauses...
Completing...
Starting query event(consumed_for(a_1,tk_2)) ==> event(issued_for(a_1,tk_2))
goal reachable: b-event(issued_for(a_1,tk_2)) && attacker(a_1) -> event(consumed_for(a_1,tk_2))
Abbreviations:
tk_2 = tk[a = a_1,!1 = @sid]
RESULT event(consumed_for(a_1,tk_2)) ==> event(issued_for(a_1,tk_2)) is true.

--------------------------------------------------------------
Verification summary:

Query inj-event(consumed_for(a_1,tk_2)) ==> inj-event(issued_for(a_1,tk_2)) is true.

Query event(consumed_for(a_1,tk_2)) ==> event(issued_for(a_1,tk_2)) is true.

--------------------------------------------------------------

