Process 0 (that is, the initial process):
{1}new sk: skA;
{2}let vkA: pkA = pkAof(sk) in
{3}new vkB: kB;
{4}out(pub, vkA);
{5}out(pub, vkB);
(
    {6}!
    {7}let sk_1: skA = sk in
    {8}in(pub, m: message);
    {9}event issued_A(m);
    {10}let s: sigA = signA(sk_1,m) in
    {11}out(pub, tokenA(ALG_A,m,s))
) | (
    {12}!
    {13}in(pub, t: token);
    {14}let tokenA(=ALG_A,m_1: message,s_1: sigA) = t in
    {15}if verifyA(vkA,m_1,s_1) then
    {16}event accepted_pinned(m_1)
) | (
    {17}!
    {18}let vkB_1: kB = vkB in
    {19}in(pub, t_1: token);
    (
        {20}let tokenA(=ALG_A,m_2: message,s_2: sigA) = t_1 in
        {21}if verifyA(vkA,m_2,s_2) then
        {22}event accepted_naive(m_2)
    ) | (
        {23}let tokenB(=ALG_B,m_3: message,mac: macB) = t_1 in
        {24}if verifyB(vkB_1,m_3,mac) then
        {25}event accepted_naive(m_3)
    )
)

--  Process 1 (that is, process 0, with let moved downwards):
{1}new sk: skA;
{3}new vkB: kB;
{2}let vkA: pkA = pkAof(sk) in
{4}out(pub, vkA);
{5}out(pub, vkB);
(
    {6}!
    {8}in(pub, m: message);
    {9}event issued_A(m);
    {7}let sk_1: skA = sk in
    {10}let s: sigA = signA(sk_1,m) in
    {11}out(pub, tokenA(ALG_A,m,s))
) | (
    {12}!
    {13}in(pub, t: token);
    {14}let tokenA(=ALG_A,m_1: message,s_1: sigA) = t in
    {15}if verifyA(vkA,m_1,s_1) then
    {16}event accepted_pinned(m_1)
) | (
    {17}!
    {19}in(pub, t_1: token);
    (
        {20}let tokenA(=ALG_A,m_2: message,s_2: sigA) = t_1 in
        {21}if verifyA(vkA,m_2,s_2) then
        {22}event accepted_naive(m_2)
    ) | (
        {23}let tokenB(=ALG_B,m_3: message,mac: macB) = t_1 in
        {18}let vkB_1: kB = vkB in
        {24}if verifyB(vkB_1,m_3,mac) then
        {25}event accepted_naive(m_3)
    )
)

-- Query event(accepted_pinned(m_4)) ==> event(issued_A(m_4)) in process 1.
Translating the process into Horn clauses...
Completing...
Starting query event(accepted_pinned(m_4)) ==> event(issued_A(m_4))
goal reachable: b-event(issued_A(m_4)) && attacker(m_4) -> event(accepted_pinned(m_4))
RESULT event(accepted_pinned(m_4)) ==> event(issued_A(m_4)) is true.
-- Query event(accepted_naive(m_4)) ==> event(issued_A(m_4)) in process 1.
Translating the process into Horn clauses...
Completing...
Starting query event(accepted_naive(m_4)) ==> event(issued_A(m_4))
goal reachable: attacker(m_4) -> event(accepted_naive(m_4))

Derivation:

1. We assume as hypothesis that
attacker(m_4).

2. The message vkB[] may be sent to the attacker at output {5}.
attacker(vkB[]).

3. By 2, the attacker may know vkB[].
By 1, the attacker may know m_4.
Using the function hmacB the attacker may obtain hmacB(vkB[],m_4).
attacker(hmacB(vkB[],m_4)).

4. Using the function ALG_B the attacker may obtain ALG_B.
attacker(ALG_B).

5. By 4, the attacker may know ALG_B.
By 1, the attacker may know m_4.
By 3, the attacker may know hmacB(vkB[],m_4).
Using the function tokenB the attacker may obtain tokenB(ALG_B,m_4,hmacB(vkB[],m_4)).
attacker(tokenB(ALG_B,m_4,hmacB(vkB[],m_4))).

6. The message tokenB(ALG_B,m_4,hmacB(vkB[],m_4)) that the attacker may have by 5 may be received at input {19}.
So event accepted_naive(m_4) may be executed at {25}.
event(accepted_naive(m_4)).

7. By 6, event(accepted_naive(m_4)).
The goal is reached, represented in the following fact:
event(accepted_naive(m_4)).


A more detailed output of the traces is available with
  set traceDisplay = long.

new sk: skA creating sk_2 at {1}

new vkB: kB creating vkB_2 at {3}

out(pub, ~M) with ~M = pkAof(sk_2) at {4}

out(pub, ~M_1) with ~M_1 = vkB_2 at {5}

in(pub, tokenB(ALG_B,a,hmacB(~M_1,a))) with hmacB(~M_1,a) = hmacB(vkB_2,a) at {19} in copy a_1

event accepted_naive(a) at {25} in copy a_1 (goal)

The event accepted_naive(a) is executed at {25} in copy a_1.
A trace has been found.
RESULT event(accepted_naive(m_4)) ==> event(issued_A(m_4)) is false.

--------------------------------------------------------------
Verification summary:

Query event(accepted_pinned(m_4)) ==> event(issued_A(m_4)) is true.

Query event(accepted_naive(m_4)) ==> event(issued_A(m_4)) is false.

--------------------------------------------------------------

