Process 0 (that is, the initial process):
{1}new rk: key;
{2}new dk: key;
{3}new sk_red: signkey;
{4}new sk_def: signkey;
{5}new sk_lead: signkey;
{6}out(red_keychan, (rk,sk_red));
{7}out(def_keychan, (dk,sk_def));
{8}out(lead_keychan, (rk,dk,sk_lead,pk(sk_red),pk(sk_def)));
{9}out(daemon, pk(sk_lead));
(
    {10}in(red_keychan, (rk_p: key,sk_red_p: signkey));
    {11}event RedWrites(red_msg);
    {12}let ct: bitstring = aenc(red_msg,rk_p,ad_red_v21) in
    {13}let s: bitstring = sign(ct,sk_red_p) in
    {14}out(daemon, (ct,s,pk(sk_red_p)))
) | (
    {15}in(def_keychan, (dk_p: key,sk_def_p: signkey));
    {16}let ct_1: bitstring = aenc(def_msg,dk_p,ad_def_v21) in
    {17}let s_1: bitstring = sign(ct_1,sk_def_p) in
    {18}out(daemon, (ct_1,s_1,pk(sk_def_p)))
) | (
    {19}in(def_keychan, (dk_p2: key,ignored_v: signkey));
    {20}let sk_lead_pub: vkey = pk(sk_lead) in
    {21}in(daemon, (gate_ct: bitstring,gate_sig: bitstring));
    {22}if (verify(gate_sig,gate_ct,sk_lead_pub) = true) then
    {23}let plain: bitstring = adec(gate_ct,dk_p2,ad_def_v21) in
    {24}event DefenseLearnsRed(plain)
) | (
    {25}in(lead_keychan, (rk_l: key,dk_l: key,sk_lead_p: signkey,pkr: vkey,pkd: vkey));
    {26}in(daemon, (ct_2: bitstring,s_2: bitstring,pkr_1: vkey));
    {27}if (verify(s_2,ct_2,pkr) = true) then
    {28}let plain_1: bitstring = adec(ct_2,rk_l,ad_red_v21) in
    {29}event LeadEmitsToDefense(plain_1);
    {30}let resealed: bitstring = aenc(plain_1,dk_l,ad_def_v21) in
    {31}let s2: bitstring = sign(resealed,sk_lead_p) in
    {32}out(daemon, (resealed,s2))
)

--  Process 1 (that is, process 0, with let moved downwards):
{1}new rk: key;
{2}new dk: key;
{3}new sk_red: signkey;
{4}new sk_def: signkey;
{5}new sk_lead: signkey;
{6}out(red_keychan, (rk,sk_red));
{7}out(def_keychan, (dk,sk_def));
{8}out(lead_keychan, (rk,dk,sk_lead,pk(sk_red),pk(sk_def)));
{9}out(daemon, pk(sk_lead));
(
    {10}in(red_keychan, (rk_p: key,sk_red_p: signkey));
    {11}event RedWrites(red_msg);
    {12}let ct: bitstring = aenc(red_msg,rk_p,ad_red_v21) in
    {13}let s: bitstring = sign(ct,sk_red_p) in
    {14}out(daemon, (ct,s,pk(sk_red_p)))
) | (
    {15}in(def_keychan, (dk_p: key,sk_def_p: signkey));
    {16}let ct_1: bitstring = aenc(def_msg,dk_p,ad_def_v21) in
    {17}let s_1: bitstring = sign(ct_1,sk_def_p) in
    {18}out(daemon, (ct_1,s_1,pk(sk_def_p)))
) | (
    {19}in(def_keychan, (dk_p2: key,ignored_v: signkey));
    {21}in(daemon, (gate_ct: bitstring,gate_sig: bitstring));
    {20}let sk_lead_pub: vkey = pk(sk_lead) in
    {22}if (verify(gate_sig,gate_ct,sk_lead_pub) = true) then
    {23}let plain: bitstring = adec(gate_ct,dk_p2,ad_def_v21) in
    {24}event DefenseLearnsRed(plain)
) | (
    {25}in(lead_keychan, (rk_l: key,dk_l: key,sk_lead_p: signkey,pkr: vkey,pkd: vkey));
    {26}in(daemon, (ct_2: bitstring,s_2: bitstring,pkr_1: vkey));
    {27}if (verify(s_2,ct_2,pkr) = true) then
    {28}let plain_1: bitstring = adec(ct_2,rk_l,ad_red_v21) in
    {29}event LeadEmitsToDefense(plain_1);
    {30}let resealed: bitstring = aenc(plain_1,dk_l,ad_def_v21) in
    {31}let s2: bitstring = sign(resealed,sk_lead_p) in
    {32}out(daemon, (resealed,s2))
)

-- Query not attacker(red_msg[]) in process 1.
Translating the process into Horn clauses...
Completing...
Starting query not attacker(red_msg[])
RESULT not attacker(red_msg[]) is true.
-- Query not attacker(def_msg[]) in process 1.
Translating the process into Horn clauses...
Completing...
Starting query not attacker(def_msg[])
RESULT not attacker(def_msg[]) is true.
-- Query inj-event(DefenseLearnsRed(x)) ==> inj-event(LeadEmitsToDefense(x)) in process 1.
Translating the process into Horn clauses...
Completing...
Starting query inj-event(DefenseLearnsRed(x)) ==> inj-event(LeadEmitsToDefense(x))
goal reachable: b-inj-event(LeadEmitsToDefense(red_msg[]),@occ29_1) && attacker(pkr_2) -> inj-event(DefenseLearnsRed(red_msg[]),@occ24_1)
The 1st hypothesis occurs strictly before the conclusion.
The 2nd hypothesis occurs before the conclusion.
Abbreviations:
@occ24_1 = @occ24[gate_sig = sign(aenc(red_msg[],dk[],ad_def_v21[]),sk_lead[]),gate_ct = aenc(red_msg[],dk[],ad_def_v21[]),ignored_v = sk_def[],dk_p2 = dk[]]
@occ29_1 = @occ29[pkr_1 = pkr_2,s_2 = sign(aenc(red_msg[],rk[],ad_red_v21[]),sk_red[]),ct_2 = aenc(red_msg[],rk[],ad_red_v21[]),pkd = pk(sk_def[]),pkr = pk(sk_red[]),sk_lead_p = sk_lead[],dk_l = dk[],rk_l = rk[]]
RESULT inj-event(DefenseLearnsRed(x)) ==> inj-event(LeadEmitsToDefense(x)) is true.

--------------------------------------------------------------
Verification summary:

Query not attacker(red_msg[]) is true.

Query not attacker(def_msg[]) is true.

Query inj-event(DefenseLearnsRed(x)) ==> inj-event(LeadEmitsToDefense(x)) is true.

--------------------------------------------------------------

