Process 0 (that is, the initial process):
(
    {1}!
    {2}out(daemon_store, daemon_share);
    {3}out(kms_store, kms_share);
    {4}out(email_store, email_share);
    {5}out(passphrase_in, passphrase_share);
    {6}let r: vault = combine4(daemon_share,kms_share,email_share,passphrase_share) in
    {7}if (r = account_root) then
    0
) | (
    {8}in(daemon_store, x: share);
    {9}out(daemon_net, x)
) | (
    {10}in(email_store, x_1: share);
    {11}out(daemon_net, x_1)
) | (
    {12}in(kms_store, x_2: share);
    {13}out(daemon_net, x_2)
)

-- Query not attacker(account_root[]) in process 0.
Translating the process into Horn clauses...
Completing...
Starting query not attacker(account_root[])
RESULT not attacker(account_root[]) is true.

--------------------------------------------------------------
Verification summary:

Query not attacker(account_root[]) is true.

--------------------------------------------------------------

