\BOOKMARK [1][-]{section.1}{\376\377\000W\000h\000e\000r\000e\000\040\000t\000h\000i\000s\000\040\000p\000a\000p\000e\000r\000\040\000s\000i\000t\000s\000,\000\040\000a\000n\000d\000\040\000w\000h\000a\000t\000\040\000i\000t\000\040\000p\000r\000o\000m\000i\000s\000e\000s}{}% 1
\BOOKMARK [2][-]{subsection.1.1}{\376\377\000T\000h\000e\000\040\000o\000n\000e\000-\000s\000e\000n\000t\000e\000n\000c\000e\000\040\000t\000h\000e\000s\000i\000s}{section.1}% 2
\BOOKMARK [2][-]{subsection.1.2}{\376\377\000W\000h\000y\000\040\000`\000`\000r\000e\000f\000e\000r\000e\000n\000c\000e\000\040\000m\000o\000n\000i\000t\000o\000r\000,\000'\000'\000\040\000a\000n\000d\000\040\000w\000h\000y\000\040\000n\000o\000t\000\040\000c\000o\000n\000s\000e\000n\000s\000u\000s}{section.1}% 3
\BOOKMARK [2][-]{subsection.1.3}{\376\377\000T\000h\000e\000\040\000m\000a\000t\000u\000r\000i\000t\000y\000\040\000k\000e\000y\000,\000\040\000a\000n\000d\000\040\000w\000h\000y\000\040\000t\000h\000e\000\040\000m\000a\000r\000k\000s\000\040\000a\000r\000e\000\040\000l\000o\000a\000d\000-\000b\000e\000a\000r\000i\000n\000g}{section.1}% 4
\BOOKMARK [1][-]{section.2}{\376\377\000R\000e\000a\000d\000e\000r\000'\000s\000\040\000M\000a\000p}{}% 5
\BOOKMARK [1][-]{section.3}{\376\377\000T\000h\000e\000\040\000k\000e\000r\000n\000e\000l\000\040\000a\000s\000\040\000s\000e\000v\000e\000n\000\040\000o\000r\000g\000a\000n\000s}{}% 6
\BOOKMARK [1][-]{section.4}{\376\377\000T\000h\000e\000\040\000s\000u\000b\000s\000t\000r\000a\000t\000e\000\040\000o\000r\000g\000a\000n\000:\000\040\000o\000n\000e\000\040\000w\000r\000i\000t\000e\000r\000,\000\040\000o\000n\000e\000\040\000f\000i\000l\000e}{}% 7
\BOOKMARK [2][-]{subsection.4.1}{\376\377\000T\000h\000e\000\040\000s\000i\000n\000g\000l\000e\000-\000w\000r\000i\000t\000e\000r\000\040\000d\000i\000s\000c\000i\000p\000l\000i\000n\000e}{section.4}% 8
\BOOKMARK [2][-]{subsection.4.2}{\376\377\000T\000h\000e\000\040\000c\000o\000n\000f\000i\000g\000u\000r\000a\000t\000i\000o\000n\000\040\000i\000s\000\040\000t\000h\000e\000\040\000d\000u\000r\000a\000b\000i\000l\000i\000t\000y\000\040\000c\000l\000a\000i\000m}{section.4}% 9
\BOOKMARK [2][-]{subsection.4.3}{\376\377\000S\000c\000h\000e\000m\000a\000\040\000b\000y\000\040\000u\000n\000i\000o\000n\000,\000\040\000n\000o\000t\000\040\000b\000y\000\040\000s\000e\000q\000u\000e\000n\000c\000e\000r}{section.4}% 10
\BOOKMARK [2][-]{subsection.4.4}{\376\377\000P\000a\000t\000h\000\040\000a\000n\000d\000\040\000o\000w\000n\000e\000r\000s\000h\000i\000p\000\040\000i\000n\000v\000a\000r\000i\000a\000n\000t\000s}{section.4}% 11
\BOOKMARK [1][-]{section.5}{\376\377\000D\000u\000r\000a\000b\000i\000l\000i\000t\000y\000,\000\040\000s\000p\000l\000i\000t\000\040\000b\000y\000\040\000f\000a\000u\000l\000t\000\040\000c\000l\000a\000s\000s}{}% 12
\BOOKMARK [2][-]{subsection.5.1}{\376\377\000W\000h\000y\000\040\000o\000n\000e\000\040\000l\000a\000b\000e\000l\000\040\000i\000s\000\040\000a\000\040\000l\000i\000e\000\040\000h\000e\000r\000e}{section.5}% 13
\BOOKMARK [2][-]{subsection.5.2}{\376\377\000W\000h\000y\000\040\000t\000h\000e\000\040\000t\000r\000a\000d\000e\000\040\000i\000s\000\040\000d\000e\000f\000e\000n\000s\000i\000b\000l\000e\000\040\040\024\000\040\000a\000n\000d\000\040\000w\000h\000e\000r\000e\000\040\000i\000t\000\040\000s\000t\000o\000p\000s\000\040\000b\000e\000i\000n\000g\000\040\000s\000o}{section.5}% 14
\BOOKMARK [2][-]{subsection.5.3}{\376\377\000A\000\040\000r\000e\000c\000o\000v\000e\000r\000y\000\040\000s\000t\000o\000r\000y\000,\000\040\000n\000o\000t\000\040\000j\000u\000s\000t\000\040\000a\000\040\000d\000u\000r\000a\000b\000i\000l\000i\000t\000y\000\040\000s\000t\000o\000r\000y}{section.5}% 15
\BOOKMARK [1][-]{section.6}{\376\377\000T\000h\000e\000\040\000r\000e\000s\000o\000u\000r\000c\000e\000\040\000o\000r\000g\000a\000n\000:\000\040\000c\000l\000a\000i\000m\000s\000,\000\040\000l\000o\000c\000k\000s\000,\000\040\000a\000n\000d\000\040\000f\000a\000i\000r\000\040\000e\000x\000c\000l\000u\000s\000i\000o\000n}{}% 16
\BOOKMARK [2][-]{subsection.6.1}{\376\377\000C\000l\000a\000i\000m\000\040\000g\000r\000a\000n\000u\000l\000a\000r\000i\000t\000y\000\040\000i\000s\000\040\000r\000i\000c\000h\000e\000r\000\040\000t\000h\000a\000n\000\040\000`\000`\000c\000l\000a\000i\000m\000s\000'\000'}{section.6}% 17
\BOOKMARK [2][-]{subsection.6.2}{\376\377\000T\000h\000e\000\040\000c\000l\000a\000i\000m\000\040\000l\000i\000f\000e\000c\000y\000c\000l\000e\000\040\000a\000s\000\040\000a\000\040\000f\000i\000n\000i\000t\000e\000-\000s\000t\000a\000t\000e\000\040\000m\000a\000c\000h\000i\000n\000e}{section.6}% 18
\BOOKMARK [2][-]{subsection.6.3}{\376\377\000T\000h\000e\000\040\000m\000i\000s\000s\000i\000n\000g\000\040\000s\000t\000a\000t\000e\000:\000\040\000f\000a\000i\000r\000n\000e\000s\000s}{section.6}% 19
\BOOKMARK [1][-]{section.7}{\376\377\000T\000h\000e\000\040\000c\000o\000m\000m\000u\000n\000i\000c\000a\000t\000i\000o\000n\000\040\000o\000r\000g\000a\000n\000:\000\040\000t\000h\000e\000\040\000b\000u\000s\000,\000\040\000s\000t\000i\000g\000m\000e\000r\000g\000y\000,\000\040\000a\000n\000d\000\040\000t\000w\000o\000\040\000d\000e\000l\000e\000g\000a\000t\000i\000o\000n\000\040\000c\000h\000a\000i\000n\000s}{}% 20
\BOOKMARK [2][-]{subsection.7.1}{\376\377\000T\000h\000e\000\040\000b\000u\000s\000:\000\040\000a\000\040\000d\000u\000r\000a\000b\000l\000e\000\040\000c\000a\000r\000r\000i\000e\000r\000\040\000e\000n\000v\000e\000l\000o\000p\000e}{section.7}% 21
\BOOKMARK [2][-]{subsection.7.2}{\376\377\000S\000t\000i\000g\000m\000e\000r\000g\000i\000c\000\040\000m\000a\000r\000k\000e\000r\000s\000:\000\040\000d\000e\000c\000a\000y\000\040\000a\000s\000\040\000a\000\040\000p\000r\000o\000v\000i\000d\000e\000d\000\040\000g\000u\000a\000r\000a\000n\000t\000e\000e}{section.7}% 22
\BOOKMARK [2][-]{subsection.7.3}{\376\377\000T\000w\000o\000\040\000d\000e\000l\000e\000g\000a\000t\000i\000o\000n\000\040\000c\000h\000a\000i\000n\000s\000,\000\040\000o\000n\000e\000\040\000d\000a\000n\000g\000e\000r\000o\000u\000s\000\040\000n\000a\000m\000e}{section.7}% 23
\BOOKMARK [2][-]{subsection.7.4}{\376\377\000A\000\040\000s\000e\000c\000o\000n\000d\000\040\000t\000r\000a\000n\000s\000p\000o\000r\000t}{section.7}% 24
\BOOKMARK [1][-]{section.8}{\376\377\000T\000h\000e\000\040\000o\000b\000l\000i\000g\000a\000t\000i\000o\000n\000\040\000\046\000\040\000e\000n\000f\000o\000r\000c\000e\000m\000e\000n\000t\000\040\000o\000r\000g\000a\000n\000:\000\040\000t\000h\000e\000\040\000s\000o\000v\000e\000r\000e\000i\000g\000n\000'\000s\000\040\000t\000w\000o\000\040\000a\000r\000m\000s}{}% 25
\BOOKMARK [2][-]{subsection.8.1}{\376\377\000T\000h\000e\000\040\000d\000e\000o\000n\000t\000i\000c\000\040\000s\000p\000l\000i\000t}{section.8}% 26
\BOOKMARK [2][-]{subsection.8.2}{\376\377\000T\000h\000e\000\040\000p\000o\000l\000i\000c\000y\000\040\000m\000o\000n\000i\000t\000o\000r\000\040\000i\000s\000\040\000a\000\040\000d\000e\000t\000e\000c\000t\000o\000r\000,\000\040\000n\000o\000t\000\040\000a\000\040\000r\000e\000g\000i\000m\000e\000n\000t\000e\000r}{section.8}% 27
\BOOKMARK [2][-]{subsection.8.3}{\376\377\000C\000o\000m\000m\000i\000t\000m\000e\000n\000t\000s\000:\000\040\000o\000b\000l\000i\000g\000a\000t\000i\000o\000n\000\040\000w\000i\000t\000h\000\040\000o\000r\000a\000c\000l\000e\000-\000b\000o\000u\000n\000d\000\040\000c\000l\000o\000s\000u\000r\000e}{section.8}% 28
\BOOKMARK [1][-]{section.9}{\376\377\000T\000h\000e\000\040\000c\000o\000n\000t\000i\000n\000u\000i\000t\000y\000\040\000o\000r\000g\000a\000n\000:\000\040\000m\000e\000m\000o\000r\000y\000,\000\040\000c\000h\000e\000c\000k\000p\000o\000i\000n\000t\000,\000\040\000a\000n\000d\000\040\000t\000h\000e\000\040\000f\000o\000u\000n\000d\000a\000t\000i\000o\000n\000\040\000o\000f\000\040\000t\000h\000e\000\040\000e\000c\000o\000n\000o\000m\000y}{}% 29
\BOOKMARK [2][-]{subsection.9.1}{\376\377\000T\000h\000r\000e\000e\000\040\000o\000r\000g\000a\000n\000s\000,\000\040\000o\000n\000e\000\040\000w\000e\000a\000k\000\040\000l\000i\000n\000k}{section.9}% 30
\BOOKMARK [2][-]{subsection.9.2}{\376\377\000T\000h\000e\000\040\000o\000p\000e\000r\000a\000t\000i\000o\000n\000\040\000l\000o\000g\000\040\000a\000n\000d\000\040\000t\000a\000m\000p\000e\000r\000-\000e\000v\000i\000d\000e\000n\000c\000e}{section.9}% 31
\BOOKMARK [1][-]{section.10}{\376\377\000T\000h\000e\000\040\000s\000e\000l\000f\000-\000a\000t\000t\000e\000s\000t\000a\000t\000i\000o\000n\000\040\000o\000r\000g\000a\000n\000:\000\040\000h\000o\000n\000e\000s\000t\000\040\000g\000r\000e\000e\000n}{}% 32
\BOOKMARK [1][-]{section.11}{\376\377\000T\000h\000e\000\040\000i\000n\000v\000a\000r\000i\000a\000n\000t\000s\000,\000\040\000s\000t\000a\000t\000e\000d\000\040\000a\000s\000\040\000t\000h\000e\000o\000r\000e\000m\000s}{}% 33
\BOOKMARK [2][-]{subsection.11.1}{\376\377\000T\000h\000e\000\040\000c\000o\000n\000s\000i\000s\000t\000e\000n\000c\000y\000-\000m\000o\000d\000e\000l\000\040\000t\000h\000e\000o\000r\000e\000m}{section.11}% 34
\BOOKMARK [2][-]{subsection.11.2}{\376\377\000T\000h\000e\000\040\000d\000u\000a\000l\000-\000r\000u\000n\000t\000i\000m\000e\000\040\000h\000a\000z\000a\000r\000d\000,\000\040\000a\000n\000d\000\040\000w\000h\000a\000t\000\040\000w\000o\000u\000l\000d\000\040\000m\000a\000k\000e\000\040\000I\0001\0001\000\040\000a\000\040\000t\000h\000e\000o\000r\000e\000m}{section.11}% 35
\BOOKMARK [1][-]{section.12}{\376\377\000C\000r\000o\000s\000s\000-\000o\000r\000g\000a\000n\000\040\000a\000t\000o\000m\000i\000c\000i\000t\000y\000:\000\040\000a\000\040\000b\000u\000i\000l\000d\000a\000b\000l\000e\000\040\000d\000e\000f\000e\000c\000t\000,\000\040\000n\000o\000t\000\040\000a\000\040\000f\000r\000o\000n\000t\000i\000e\000r}{}% 36
\BOOKMARK [1][-]{section.13}{\376\377\000T\000h\000r\000e\000a\000t\000\040\000m\000o\000d\000e\000l\000\040\000a\000n\000d\000\040\000t\000h\000e\000\040\000l\000i\000m\000i\000t\000s\000\040\000o\000f\000\040\000m\000e\000d\000i\000a\000t\000i\000o\000n}{}% 37
\BOOKMARK [2][-]{subsection.13.1}{\376\377\000A\000d\000v\000i\000s\000o\000r\000y\000\040\000c\000l\000a\000i\000m\000s\000\040\000a\000r\000e\000\040\000n\000o\000t\000\040\000s\000a\000n\000d\000b\000o\000x\000i\000n\000g}{section.13}% 38
\BOOKMARK [2][-]{subsection.13.2}{\376\377\000S\000e\000l\000f\000-\000a\000s\000s\000e\000r\000t\000e\000d\000\040\000i\000d\000e\000n\000t\000i\000t\000y\000\040\000b\000o\000u\000n\000d\000s\000\040\000e\000v\000e\000r\000y\000\040\000o\000t\000h\000e\000r\000\040\000i\000n\000v\000a\000r\000i\000a\000n\000t}{section.13}% 39
\BOOKMARK [2][-]{subsection.13.3}{\376\377\000H\000a\000s\000h\000-\000c\000h\000a\000i\000n\000\040\000t\000a\000m\000p\000e\000r\000-\000e\000v\000i\000d\000e\000n\000c\000e\000,\000\040\000r\000e\000-\000s\000c\000o\000p\000e\000d\000\040\000t\000o\000\040\000c\000r\000o\000s\000s\000-\000m\000a\000c\000h\000i\000n\000e\000\040\000p\000r\000o\000v\000i\000s\000i\000o\000n\000i\000n\000g}{section.13}% 40
\BOOKMARK [1][-]{section.14}{\376\377\000A\000d\000j\000a\000c\000e\000n\000c\000y\000\040\000c\000o\000n\000t\000r\000a\000c\000t\000:\000\040\000w\000h\000a\000t\000\040\000t\000h\000e\000\040\000k\000e\000r\000n\000e\000l\000\040\000a\000s\000s\000u\000m\000e\000s\000\040\000a\000n\000d\000\040\000p\000r\000o\000v\000i\000d\000e\000s}{}% 41
\BOOKMARK [2][-]{subsection.14.1}{\376\377\000W\000h\000a\000t\000\040\000t\000h\000e\000\040\000s\000u\000b\000s\000t\000r\000a\000t\000e\000\040\000a\000s\000s\000u\000m\000e\000s\000\040\000f\000r\000o\000m\000\040\000t\000h\000e\000\040\000m\000a\000c\000h\000i\000n\000e}{section.14}% 42
\BOOKMARK [2][-]{subsection.14.2}{\376\377\000W\000h\000a\000t\000\040\000t\000h\000e\000\040\000s\000u\000b\000s\000t\000r\000a\000t\000e\000\040\000p\000r\000o\000v\000i\000d\000e\000s\000\040\000t\000o\000\040\000t\000h\000e\000\040\000c\000o\000o\000r\000d\000i\000n\000a\000t\000i\000o\000n\000\040\000l\000a\000y\000e\000r}{section.14}% 43
\BOOKMARK [2][-]{subsection.14.3}{\376\377\000T\000h\000e\000\040\000e\000x\000p\000l\000i\000c\000i\000t\000\040\000n\000o\000n\000-\000p\000r\000o\000v\000i\000s\000i\000o\000n\000s}{section.14}% 44
\BOOKMARK [1][-]{section.15}{\376\377\000R\000e\000l\000a\000t\000e\000d\000\040\000w\000o\000r\000k}{}% 45
\BOOKMARK [2][-]{subsection.15.1}{\376\377\000R\000e\000f\000e\000r\000e\000n\000c\000e\000\040\000m\000o\000n\000i\000t\000o\000r\000s\000\040\000a\000n\000d\000\040\000t\000h\000e\000\040\000t\000r\000u\000s\000t\000e\000d\000\040\000c\000o\000m\000p\000u\000t\000i\000n\000g\000\040\000b\000a\000s\000e}{section.15}% 46
\BOOKMARK [2][-]{subsection.15.2}{\376\377\000D\000u\000r\000a\000b\000l\000e\000\040\000s\000t\000o\000r\000a\000g\000e\000\040\000a\000n\000d\000\040\000t\000r\000a\000n\000s\000a\000c\000t\000i\000o\000n\000\040\000p\000r\000o\000c\000e\000s\000s\000i\000n\000g}{section.15}% 47
\BOOKMARK [2][-]{subsection.15.3}{\376\377\000C\000o\000o\000r\000d\000i\000n\000a\000t\000i\000o\000n\000,\000\040\000s\000t\000i\000g\000m\000e\000r\000g\000y\000,\000\040\000a\000n\000d\000\040\000d\000e\000o\000n\000t\000i\000c\000\040\000c\000o\000n\000t\000r\000o\000l}{section.15}% 48
\BOOKMARK [2][-]{subsection.15.4}{\376\377\000C\000a\000p\000a\000b\000i\000l\000i\000t\000y\000\040\000s\000e\000c\000u\000r\000i\000t\000y\000\040\000a\000n\000d\000\040\000t\000a\000m\000p\000e\000r\000-\000e\000v\000i\000d\000e\000n\000t\000\040\000l\000o\000g\000s}{section.15}% 49
\BOOKMARK [1][-]{section.16}{\376\377\000O\000p\000e\000n\000\040\000p\000r\000o\000b\000l\000e\000m\000s}{}% 50
\BOOKMARK [1][-]{section.17}{\376\377\000C\000o\000n\000c\000l\000u\000s\000i\000o\000n\000:\000\040\000s\000o\000l\000i\000d\000\040\000w\000h\000e\000r\000e\000\040\000l\000o\000c\000a\000l\000,\000\040\000p\000r\000o\000v\000i\000s\000i\000o\000n\000a\000l\000\040\000w\000h\000e\000r\000e\000\040\000i\000t\000\040\000m\000u\000s\000t\000\040\000g\000r\000o\000w}{}% 51
\BOOKMARK [1][-]{appendix.A}{\376\377\000I\000m\000p\000l\000e\000m\000e\000n\000t\000a\000t\000i\000o\000n\000\040\000\046\000\040\000s\000t\000a\000t\000u\000s}{}% 52
\BOOKMARK [2][-]{subsection.A.1}{\376\377\000T\000h\000e\000\040\000r\000e\000f\000e\000r\000e\000n\000c\000e\000\040\000i\000m\000p\000l\000e\000m\000e\000n\000t\000a\000t\000i\000o\000n}{appendix.A}% 53
\BOOKMARK [2][-]{subsection.A.2}{\376\377\000M\000e\000c\000h\000a\000n\000i\000s\000m\000-\000t\000o\000-\000a\000r\000t\000i\000f\000a\000c\000t\000\040\000m\000a\000p}{appendix.A}% 54
\BOOKMARK [2][-]{subsection.A.3}{\376\377\000S\000t\000a\000t\000u\000s\000,\000\040\000a\000n\000d\000\040\000t\000h\000e\000\040\000t\000h\000r\000e\000e\000\040\000l\000o\000a\000d\000-\000b\000e\000a\000r\000i\000n\000g\000\040\000c\000o\000r\000r\000e\000c\000t\000i\000o\000n\000s}{appendix.A}% 55
\BOOKMARK [2][-]{subsection.A.4}{\376\377\000N\000o\000m\000e\000n\000c\000l\000a\000t\000u\000r\000e}{appendix.A}% 56
